Copyright 1986-2022 Xilinx, Inc. All Rights Reserved. Copyright 2022-2025 Advanced Micro Devices, Inc. All Rights Reserved.
-------------------------------------------------------------------------------------------------------------------------------------------------------------------------------------------------------------------------------------------------
| Tool Version : Vivado v.2025.2 (win64) Build 6299465 Fri Nov 14 19:35:11 GMT 2025
| Date         : Sun Jul  5 14:34:46 2026
| Host         : LAPTOP-RLNQPQBS running 64-bit major release  (build 9200)
| Command      : report_utilization -hierarchical -file C:/Users/戎择辰/OneDrive/文档/数电实验/MCU/routes_ultra/V61_testrom_addr_stable_300/mcu_fft_v61_testrom_addr_stable_300/board_validation/vivado_ila/v61_ila_utilization_hierarchical.rpt
| Design       : board_top
| Device       : xc7k160tffg676-2
| Speed File   : -2
| Design State : Physopt postRoute
-------------------------------------------------------------------------------------------------------------------------------------------------------------------------------------------------------------------------------------------------

Utilization Design Information

Table of Contents
-----------------
1. Utilization by Hierarchy

1. Utilization by Hierarchy
---------------------------

+-----------------------------------------------------------------------------+------------------------------------------------------+------------+------------+---------+------+-------+--------+--------+------------+
|                                   Instance                                  |                        Module                        | Total LUTs | Logic LUTs | LUTRAMs | SRLs |  FFs  | RAMB36 | RAMB18 | DSP Blocks |
+-----------------------------------------------------------------------------+------------------------------------------------------+------------+------------+---------+------+-------+--------+--------+------------+
| board_top                                                                   |                                                (top) |      18899 |      18375 |      24 |  500 | 17070 |     12 |      0 |          0 |
|   (board_top)                                                               |                                                (top) |         11 |         11 |       0 |    0 |    35 |      0 |      0 |          0 |
|   dbg_hub                                                                   |                                              dbg_hub |        454 |        430 |      24 |    0 |   741 |      0 |      0 |          0 |
|     inst                                                                    |                           dbg_hub_xsdbm_v3_0_5_xsdbm |        454 |        430 |      24 |    0 |   741 |      0 |      0 |          0 |
|       BSCANID.u_xsdbm_id                                                    |                        dbg_hub_xsdbm_v3_0_5_xsdbm_id |        454 |        430 |      24 |    0 |   741 |      0 |      0 |          0 |
|         SWITCH_N_EXT_BSCAN.bscan_switch                                     |                    dbg_hub_xsdbm_v3_0_5_bscan_switch |        124 |        124 |       0 |    0 |   125 |      0 |      0 |          0 |
|         CORE_XSDB.UUT_MASTER                                                |                       dbg_hub_xsdbm_v3_0_5_icon2xsdb |        278 |        254 |      24 |    0 |   554 |      0 |      0 |          0 |
|           U_ICON_INTERFACE                                                  |                              dbg_hub_xsdbm_v3_0_5_if |        163 |        139 |      24 |    0 |   450 |      0 |      0 |          0 |
|             U_CMD6_WR                                                       |                           dbg_hub_xsdbm_v3_0_5_wrreg |         46 |         34 |      12 |    0 |   110 |      0 |      0 |          0 |
|               U_WR_FIFO                                                     |                          dbg_hub_xsdbm_v3_0_5_wrfifo |         44 |         32 |      12 |    0 |    90 |      0 |      0 |          0 |
|                 SUBCORE_FIFO.xsdbm_v3_0_5_wrfifo_inst                       |                       dbg_hub_fifo_generator_v13_1_5 |         42 |         30 |      12 |    0 |    90 |      0 |      0 |          0 |
|                   inst_fifo_gen                                             |                 dbg_hub_fifo_generator_v13_1_5_synth |         42 |         30 |      12 |    0 |    90 |      0 |      0 |          0 |
|                     gconvfifo.rf                                            |                           dbg_hub_fifo_generator_top |         42 |         30 |      12 |    0 |    90 |      0 |      0 |          0 |
|                       grf.rf                                                |                       dbg_hub_fifo_generator_ramfifo |         42 |         30 |      12 |    0 |    90 |      0 |      0 |          0 |
|             U_CMD4                                                          |         dbg_hub_xsdbm_v3_0_5_ctl_reg__parameterized0 |          9 |          9 |       0 |    0 |    62 |      0 |      0 |          0 |
|             U_CMD6_RD                                                       |                           dbg_hub_xsdbm_v3_0_5_rdreg |         67 |         55 |      12 |    0 |   134 |      0 |      0 |          0 |
|               U_RD_FIFO                                                     |                          dbg_hub_xsdbm_v3_0_5_rdfifo |         65 |         53 |      12 |    0 |   114 |      0 |      0 |          0 |
|                 SUBCORE_FIFO.xsdbm_v3_0_5_rdfifo_inst                       |       dbg_hub_fifo_generator_v13_1_5__parameterized0 |         47 |         35 |      12 |    0 |   114 |      0 |      0 |          0 |
|                   inst_fifo_gen                                             | dbg_hub_fifo_generator_v13_1_5_synth__parameterized0 |         47 |         35 |      12 |    0 |   114 |      0 |      0 |          0 |
|                     gconvfifo.rf                                            |           dbg_hub_fifo_generator_top__parameterized0 |         47 |         35 |      12 |    0 |   114 |      0 |      0 |          0 |
|                       grf.rf                                                |       dbg_hub_fifo_generator_ramfifo__parameterized0 |         47 |         35 |      12 |    0 |   114 |      0 |      0 |          0 |
|           U_XSDB_BUS_CONTROLLER                                             |                         dbg_hub_xsdbm_v3_0_5_bus_ctl |         75 |         75 |       0 |    0 |    48 |      0 |      0 |          0 |
|             U_TIMER                                                         |                     dbg_hub_xsdbm_v3_0_5_bus_ctl_cnt |         52 |         52 |       0 |    0 |     8 |      0 |      0 |          0 |
|   u_ila_probe                                                               |                                            ila_probe |       1638 |       1138 |       0 |  500 |  3100 |     12 |      0 |          0 |
|     u_ila_0                                                                 |                                                ila_0 |       1638 |       1138 |       0 |  500 |  3100 |     12 |      0 |          0 |
|       inst                                                                  |                                ila_0_ila_v6_2_19_ila |       1638 |       1138 |       0 |  500 |  3100 |     12 |      0 |          0 |
|         ila_core_inst                                                       |                           ila_0_ila_v6_2_19_ila_core |       1637 |       1137 |       0 |  500 |  3094 |     12 |      0 |          0 |
|           (ila_core_inst)                                                   |                           ila_0_ila_v6_2_19_ila_core |        212 |          0 |       0 |  212 |   471 |      0 |      0 |          0 |
|           u_ila_cap_ctrl                                                    |                ila_0_ila_v6_2_19_ila_cap_ctrl_legacy |         78 |         31 |       0 |   47 |   127 |      0 |      0 |          0 |
|             u_cap_addrgen                                                   |                    ila_0_ila_v6_2_19_ila_cap_addrgen |         63 |         26 |       0 |   37 |   121 |      0 |      0 |          0 |
|               (u_cap_addrgen)                                               |                    ila_0_ila_v6_2_19_ila_cap_addrgen |          1 |          0 |       0 |    1 |    68 |      0 |      0 |          0 |
|           u_ila_regs                                                        |                       ila_0_ila_v6_2_19_ila_register |        714 |        713 |       0 |    1 |  1139 |      0 |      0 |          0 |
|             (u_ila_regs)                                                    |                       ila_0_ila_v6_2_19_ila_register |        305 |        304 |       0 |    1 |   163 |      0 |      0 |          0 |
|             U_XSDB_SLAVE                                                    |                             ila_0_xsdbs_v1_0_5_xsdbs |         76 |         76 |       0 |    0 |   213 |      0 |      0 |          0 |
|           u_trig                                                            |                        ila_0_ila_v6_2_19_ila_trigger |        450 |        212 |       0 |  238 |   874 |      0 |      0 |          0 |
|             U_TM                                                            |                     ila_0_ila_v6_2_19_ila_trig_match |        440 |        211 |       0 |  229 |   862 |      0 |      0 |          0 |
|               (U_TM)                                                        |                     ila_0_ila_v6_2_19_ila_trig_match |        211 |        211 |       0 |    0 |     0 |      0 |      0 |          0 |
|               N_DDR_MODE.G_NMU[1].U_M                                       |             ila_0_ltlib_v1_0_3_match__parameterized1 |        129 |          0 |       0 |  129 |   514 |      0 |      0 |          0 |
|                 allx_typeA_match_detection.ltlib_v1_0_3_allx_typeA_inst     |        ila_0_ltlib_v1_0_3_allx_typeA__parameterized1 |        129 |          0 |       0 |  129 |   513 |      0 |      0 |          0 |
|                   (allx_typeA_match_detection.ltlib_v1_0_3_allx_typeA_inst) |        ila_0_ltlib_v1_0_3_allx_typeA__parameterized1 |          0 |          0 |       0 |    0 |   512 |      0 |      0 |          0 |
|                   DUT                                                       |         ila_0_ltlib_v1_0_3_all_typeA__parameterized0 |        129 |          0 |       0 |  129 |     1 |      0 |      0 |          0 |
|               N_DDR_MODE.G_NMU[3].U_M                                       |             ila_0_ltlib_v1_0_3_match__parameterized2 |         41 |          0 |       0 |   41 |   162 |      0 |      0 |          0 |
|                 (allx_typeA_match_detection.ltlib_v1_0_3_allx_typeA_inst)   |        ila_0_ltlib_v1_0_3_allx_typeA__parameterized2 |          0 |          0 |       0 |    0 |   160 |      0 |      0 |          0 |
|           xsdb_memory_read_inst                                             |                     ila_0_ltlib_v1_0_3_generic_memrd |        174 |        172 |       0 |    2 |   449 |      0 |      0 |          0 |
|   u_mcu_top                                                                 |                                              mcu_top |      16445 |      16445 |       0 |    0 | 12938 |      0 |      0 |          0 |
|     (u_mcu_top)                                                             |                                              mcu_top |         66 |         66 |       0 |    0 |    17 |      0 |      0 |          0 |
|     g_mcu_core[0].u_mcu_core                                                |                                          mcu_core__4 |        982 |        982 |       0 |    0 |   803 |      0 |      0 |          0 |
|       (g_mcu_core[0].u_mcu_core)                                            |                                          mcu_core__4 |        695 |        695 |       0 |    0 |   291 |      0 |      0 |          0 |
|       u_reg_file                                                            |                                          reg_file__4 |        265 |        265 |       0 |    0 |   512 |      0 |      0 |          0 |
|     g_mcu_core[10].u_mcu_core                                               |                                         mcu_core__14 |        990 |        990 |       0 |    0 |   805 |      0 |      0 |          0 |
|       (g_mcu_core[10].u_mcu_core)                                           |                                         mcu_core__14 |        704 |        704 |       0 |    0 |   293 |      0 |      0 |          0 |
|       u_reg_file                                                            |                                         reg_file__14 |        264 |        264 |       0 |    0 |   512 |      0 |      0 |          0 |
|     g_mcu_core[11].u_mcu_core                                               |                                         mcu_core__15 |        990 |        990 |       0 |    0 |   814 |      0 |      0 |          0 |
|       (g_mcu_core[11].u_mcu_core)                                           |                                         mcu_core__15 |        705 |        705 |       0 |    0 |   302 |      0 |      0 |          0 |
|       u_reg_file                                                            |                                         reg_file__15 |        264 |        264 |       0 |    0 |   512 |      0 |      0 |          0 |
|     g_mcu_core[12].u_mcu_core                                               |                                         mcu_core__16 |        985 |        985 |       0 |    0 |   803 |      0 |      0 |          0 |
|       (g_mcu_core[12].u_mcu_core)                                           |                                         mcu_core__16 |        701 |        701 |       0 |    0 |   291 |      0 |      0 |          0 |
|       u_reg_file                                                            |                                         reg_file__16 |        265 |        265 |       0 |    0 |   512 |      0 |      0 |          0 |
|     g_mcu_core[13].u_mcu_core                                               |                                         mcu_core__17 |        999 |        999 |       0 |    0 |   809 |      0 |      0 |          0 |
|       (g_mcu_core[13].u_mcu_core)                                           |                                         mcu_core__17 |        711 |        711 |       0 |    0 |   297 |      0 |      0 |          0 |
|       u_reg_file                                                            |                                         reg_file__17 |        264 |        264 |       0 |    0 |   512 |      0 |      0 |          0 |
|     g_mcu_core[14].u_mcu_core                                               |                                             mcu_core |        993 |        993 |       0 |    0 |   815 |      0 |      0 |          0 |
|       (g_mcu_core[14].u_mcu_core)                                           |                                             mcu_core |        707 |        707 |       0 |    0 |   303 |      0 |      0 |          0 |
|       u_reg_file                                                            |                                             reg_file |        264 |        264 |       0 |    0 |   512 |      0 |      0 |          0 |
|     g_mcu_core[15].u_mcu_core                                               |                                          mcu_core__1 |        984 |        984 |       0 |    0 |   812 |      0 |      0 |          0 |
|       (g_mcu_core[15].u_mcu_core)                                           |                                          mcu_core__1 |        699 |        699 |       0 |    0 |   300 |      0 |      0 |          0 |
|       u_reg_file                                                            |                                          reg_file__1 |        265 |        265 |       0 |    0 |   512 |      0 |      0 |          0 |
|     g_mcu_core[1].u_mcu_core                                                |                                          mcu_core__5 |        984 |        984 |       0 |    0 |   803 |      0 |      0 |          0 |
|       (g_mcu_core[1].u_mcu_core)                                            |                                          mcu_core__5 |        698 |        698 |       0 |    0 |   291 |      0 |      0 |          0 |
|       u_reg_file                                                            |                                          reg_file__5 |        264 |        264 |       0 |    0 |   512 |      0 |      0 |          0 |
|     g_mcu_core[2].u_mcu_core                                                |                                          mcu_core__6 |        982 |        982 |       0 |    0 |   803 |      0 |      0 |          0 |
|       (g_mcu_core[2].u_mcu_core)                                            |                                          mcu_core__6 |        696 |        696 |       0 |    0 |   291 |      0 |      0 |          0 |
|       u_reg_file                                                            |                                          reg_file__6 |        265 |        265 |       0 |    0 |   512 |      0 |      0 |          0 |
|     g_mcu_core[3].u_mcu_core                                                |                                          mcu_core__7 |        979 |        979 |       0 |    0 |   803 |      0 |      0 |          0 |
|       (g_mcu_core[3].u_mcu_core)                                            |                                          mcu_core__7 |        695 |        695 |       0 |    0 |   291 |      0 |      0 |          0 |
|       u_reg_file                                                            |                                          reg_file__7 |        264 |        264 |       0 |    0 |   512 |      0 |      0 |          0 |
|     g_mcu_core[4].u_mcu_core                                                |                                          mcu_core__8 |        982 |        982 |       0 |    0 |   805 |      0 |      0 |          0 |
|       (g_mcu_core[4].u_mcu_core)                                            |                                          mcu_core__8 |        696 |        696 |       0 |    0 |   293 |      0 |      0 |          0 |
|       u_reg_file                                                            |                                          reg_file__8 |        264 |        264 |       0 |    0 |   512 |      0 |      0 |          0 |
|     g_mcu_core[5].u_mcu_core                                                |                                          mcu_core__9 |        982 |        982 |       0 |    0 |   805 |      0 |      0 |          0 |
|       (g_mcu_core[5].u_mcu_core)                                            |                                          mcu_core__9 |        697 |        697 |       0 |    0 |   293 |      0 |      0 |          0 |
|       u_reg_file                                                            |                                          reg_file__9 |        264 |        264 |       0 |    0 |   512 |      0 |      0 |          0 |
|     g_mcu_core[6].u_mcu_core                                                |                                         mcu_core__10 |        983 |        983 |       0 |    0 |   805 |      0 |      0 |          0 |
|       (g_mcu_core[6].u_mcu_core)                                            |                                         mcu_core__10 |        700 |        700 |       0 |    0 |   293 |      0 |      0 |          0 |
|       u_reg_file                                                            |                                         reg_file__10 |        264 |        264 |       0 |    0 |   512 |      0 |      0 |          0 |
|     g_mcu_core[7].u_mcu_core                                                |                                         mcu_core__11 |        983 |        983 |       0 |    0 |   803 |      0 |      0 |          0 |
|       (g_mcu_core[7].u_mcu_core)                                            |                                         mcu_core__11 |        699 |        699 |       0 |    0 |   291 |      0 |      0 |          0 |
|       u_reg_file                                                            |                                         reg_file__11 |        264 |        264 |       0 |    0 |   512 |      0 |      0 |          0 |
|     g_mcu_core[8].u_mcu_core                                                |                                         mcu_core__12 |        988 |        988 |       0 |    0 |   808 |      0 |      0 |          0 |
|       (g_mcu_core[8].u_mcu_core)                                            |                                         mcu_core__12 |        703 |        703 |       0 |    0 |   296 |      0 |      0 |          0 |
|       u_reg_file                                                            |                                         reg_file__12 |        264 |        264 |       0 |    0 |   512 |      0 |      0 |          0 |
|     g_mcu_core[9].u_mcu_core                                                |                                         mcu_core__13 |        983 |        983 |       0 |    0 |   803 |      0 |      0 |          0 |
|       (g_mcu_core[9].u_mcu_core)                                            |                                         mcu_core__13 |        698 |        698 |       0 |    0 |   291 |      0 |      0 |          0 |
|       u_reg_file                                                            |                                         reg_file__13 |        264 |        264 |       0 |    0 |   512 |      0 |      0 |          0 |
|   u_verify_RAM_component16                                                  |                               verify_RAM_component16 |         64 |         64 |       0 |    0 |   256 |      0 |      0 |          0 |
+-----------------------------------------------------------------------------+------------------------------------------------------+------------+------------+---------+------+-------+--------+--------+------------+
* Note: The sum of lower-level cells may be larger than their parent cells total, due to cross-hierarchy LUT combining
